// Jest Snapshot v1, https://goo.gl/fbAQLP

exports[`index records the response 1`] = `
Object {
  "key": "value",
}
`;
